=== AI Video Picks daily trend discovery ===
Started: 2026-05-02T01:00:01Z
Host: vmi3238899
Mode: --quick (Google Trends + Reddit)
--------------------------------------------
03:00:02 [INFO] === Source 1: Google Trends ===
03:00:07 [INFO] Google Trends: scanning 22 seed terms...
03:00:19 [WARNING] Google Trends batch 0 error: The request failed: Google returned a response with code 429
03:00:19 [INFO] Rate limited, backing off 42s...
03:01:07 [WARNING] Google Trends batch 5 error: The request failed: Google returned a response with code 429
03:01:07 [INFO] Rate limited, backing off 56s...
03:02:11 [WARNING] Google Trends batch 10 error: The request failed: Google returned a response with code 429
03:02:11 [INFO] Rate limited, backing off 42s...
03:02:53 [INFO] Google Trends: found 0 unique topics
03:02:53 [INFO] === Source 2: Reddit ===
03:02:53 [INFO] Reddit: scanning 8 subreddits...
03:03:15 [INFO] Reddit: found 1 relevant topics
03:03:15 [INFO] Total unique topics: 1
03:03:15 [INFO] Report written: /home/tom/ai-video-tools-blog/content/trends/trend_report_2026-05-02.json
03:03:15 [INFO] No new topics to add to backlog
03:03:15 [INFO] Done. Report: /home/tom/ai-video-tools-blog/content/trends/trend_report_2026-05-02.json
03:03:15 [INFO] Top 5 topics:
03:03:15 [INFO]   1. [95] Sora 2 megathread (part 3) (general)
--------------------------------------------
Exit code: 0
Finished: 2026-05-02T01:03:15Z
