=== AI Video Picks daily trend discovery ===
Started: 2026-05-16T01:00:02Z
Host: vmi3238899
Mode: --quick (Google Trends + Reddit)
--------------------------------------------
03:00:03 [INFO] === Source 1: Google Trends ===
03:00:20 [INFO] Google Trends: scanning 22 seed terms...
03:00:41 [WARNING] Google Trends batch 5 error: The request failed: Google returned a response with code 429
03:00:48 [WARNING] Google Trends batch 10 error: The request failed: Google returned a response with code 429
03:00:53 [INFO] Google Trends: found 10 unique topics
03:00:53 [INFO] === Source 2: Reddit ===
03:00:53 [INFO] Reddit: scanning 8 subreddits...
03:01:32 [INFO] Reddit: found 6 relevant topics
03:01:32 [INFO] Total unique topics: 16
03:01:32 [INFO] Report written: /home/tom/ai-video-tools-blog/content/trends/trend_report_2026-05-16.json
03:01:32 [INFO] Added 9 new topics to /home/tom/ai-video-tools-blog/content/topics_backlog.md
03:01:32 [INFO] Done. Report: /home/tom/ai-video-tools-blog/content/trends/trend_report_2026-05-16.json
03:01:32 [INFO] Top 5 topics:
03:01:32 [INFO]   1. [95] Sora 2 megathread (part 3) (general)
03:01:32 [INFO]   2. [93] free video generator (pricing)
03:01:32 [INFO]   3. [93] text to video generator free (pricing)
03:01:32 [INFO]   4. [93] free ai video editor (pricing)
03:01:32 [INFO]   5. [89] kling ai (general)
--------------------------------------------
Exit code: 0
Finished: 2026-05-16T01:01:32Z
