=== AI Video Picks daily trend discovery ===
Started: 2026-05-18T01:00:01Z
Host: vmi3238899
Mode: --quick (Google Trends + Reddit)
--------------------------------------------
03:00:01 [INFO] === Source 1: Google Trends ===
03:00:12 [INFO] Google Trends: scanning 22 seed terms...
03:00:58 [WARNING] Google Trends batch 0 error: The request failed: Google returned a response with code 429
03:01:08 [WARNING] Google Trends batch 5 error: The request failed: Google returned a response with code 429
03:01:17 [WARNING] Google Trends batch 10 error: The request failed: Google returned a response with code 429
03:01:22 [INFO] Google Trends: found 0 unique topics
03:01:22 [INFO] === Source 2: Reddit ===
03:01:22 [INFO] Reddit: scanning 8 subreddits...
03:01:51 [INFO] Reddit: found 4 relevant topics
03:01:51 [INFO] Total unique topics: 4
03:01:51 [INFO] Report written: /home/tom/ai-video-tools-blog/content/trends/trend_report_2026-05-18.json
03:01:51 [INFO] Added 2 new topics to /home/tom/ai-video-tools-blog/content/topics_backlog.md
03:01:51 [INFO] Done. Report: /home/tom/ai-video-tools-blog/content/trends/trend_report_2026-05-18.json
03:01:51 [INFO] Top 5 topics:
03:01:51 [INFO]   1. [95] Sora 2 megathread (part 3) (general)
03:01:51 [INFO]   2. [62] Recent poll shows that 70% of Americans don't want (general)
03:01:51 [INFO]   3. [59] In memory of Sora (general)
03:01:51 [INFO]   4. [53] Want to know what your AI girlfriend really looks  (general)
--------------------------------------------
Exit code: 0
Finished: 2026-05-18T01:01:51Z
