=== AI Video Picks daily trend discovery ===
Started: 2026-05-10T01:00:06Z
Host: vmi3238899
Mode: --quick (Google Trends + Reddit)
--------------------------------------------
03:00:08 [INFO] === Source 1: Google Trends ===
03:01:20 [INFO] Google Trends: scanning 22 seed terms...
03:01:32 [WARNING] Google Trends batch 0 error: The request failed: Google returned a response with code 429
03:01:44 [WARNING] Google Trends batch 5 error: The request failed: Google returned a response with code 429
03:01:55 [WARNING] Google Trends batch 10 error: The request failed: Google returned a response with code 429
03:02:00 [INFO] Google Trends: found 0 unique topics
03:02:01 [INFO] === Source 2: Reddit ===
03:02:01 [INFO] Reddit: scanning 8 subreddits...
03:02:31 [INFO] Reddit: found 4 relevant topics
03:02:31 [INFO] Total unique topics: 4
03:02:31 [INFO] Report written: /home/tom/ai-video-tools-blog/content/trends/trend_report_2026-05-10.json
03:02:31 [INFO] Added 3 new topics to /home/tom/ai-video-tools-blog/content/topics_backlog.md
03:02:31 [INFO] Done. Report: /home/tom/ai-video-tools-blog/content/trends/trend_report_2026-05-10.json
03:02:31 [INFO] Top 5 topics:
03:02:31 [INFO]   1. [95] Sora 2 megathread (part 3) (general)
03:02:31 [INFO]   2. [50] Wan SCAIL Pose Control Workflow (general)
03:02:31 [INFO]   3. [50] What other robots from popular media do you want i (general)
03:02:31 [INFO]   4. [50] Post-human choreographic studies on Seedance 2.0 (general)
--------------------------------------------
Exit code: 0
Finished: 2026-05-10T01:02:35Z
