=== AI Video Picks daily trend discovery ===
Started: 2026-05-25T01:00:01Z
Host: vmi3238899
Mode: --quick (Google Trends + Reddit)
--------------------------------------------
03:00:01 [INFO] === Source 1: Google Trends ===
03:00:11 [INFO] Google Trends: scanning 22 seed terms...
03:00:44 [WARNING] Google Trends batch 5 error: The request failed: Google returned a response with code 429
03:00:54 [WARNING] Google Trends batch 10 error: The request failed: Google returned a response with code 429
03:00:59 [INFO] Google Trends: found 7 unique topics
03:00:59 [INFO] === Source 2: Reddit ===
03:00:59 [INFO] Reddit: scanning 8 subreddits...
03:01:27 [INFO] Reddit: found 4 relevant topics
03:01:27 [INFO] Total unique topics: 11
03:01:28 [INFO] Report written: /home/tom/ai-video-tools-blog/content/trends/trend_report_2026-05-25.json
03:01:28 [INFO] Added 2 new topics to /home/tom/ai-video-tools-blog/content/topics_backlog.md
03:01:28 [INFO] Done. Report: /home/tom/ai-video-tools-blog/content/trends/trend_report_2026-05-25.json
03:01:28 [INFO] Top 5 topics:
03:01:28 [INFO]   1. [95] Sora 2 megathread (part 3) (general)
03:01:28 [INFO]   2. [93] free video generator (pricing)
03:01:28 [INFO]   3. [89] kling ai (general)
03:01:28 [INFO]   4. [85] best ai video editor (roundup)
03:01:28 [INFO]   5. [75] text to video ai for free (pricing)
--------------------------------------------
Exit code: 0
Finished: 2026-05-25T01:01:28Z
