=== AI Video Picks daily trend discovery ===
Started: 2026-05-15T01:00:02Z
Host: vmi3238899
Mode: --quick (Google Trends + Reddit)
--------------------------------------------
03:00:03 [INFO] === Source 1: Google Trends ===
03:00:17 [INFO] Google Trends: scanning 22 seed terms...
03:00:24 [WARNING] Google Trends batch 0 error: The request failed: Google returned a response with code 429
03:00:35 [WARNING] Google Trends batch 5 error: The request failed: Google returned a response with code 429
03:00:44 [WARNING] Google Trends batch 10 error: The request failed: Google returned a response with code 429
03:00:49 [INFO] Google Trends: found 0 unique topics
03:00:49 [INFO] === Source 2: Reddit ===
03:00:49 [INFO] Reddit: scanning 8 subreddits...
03:01:19 [INFO] Reddit: found 2 relevant topics
03:01:19 [INFO] Total unique topics: 2
03:01:19 [INFO] Report written: /home/tom/ai-video-tools-blog/content/trends/trend_report_2026-05-15.json
03:01:19 [INFO] Added 1 new topics to /home/tom/ai-video-tools-blog/content/topics_backlog.md
03:01:19 [INFO] Done. Report: /home/tom/ai-video-tools-blog/content/trends/trend_report_2026-05-15.json
03:01:19 [INFO] Top 5 topics:
03:01:19 [INFO]   1. [95] Sora 2 megathread (part 3) (general)
03:01:19 [INFO]   2. [54] For the person who thinks girls kicking soccer bal (general)
--------------------------------------------
Exit code: 0
Finished: 2026-05-15T01:01:20Z
