=== AI Video Picks daily trend discovery ===
Started: 2026-05-22T01:00:01Z
Host: vmi3238899
Mode: --quick (Google Trends + Reddit)
--------------------------------------------
03:00:02 [INFO] === Source 1: Google Trends ===
03:00:14 [INFO] Google Trends: scanning 22 seed terms...
03:00:28 [WARNING] Google Trends batch 0 error: The request failed: Google returned a response with code 429
03:00:37 [WARNING] Google Trends batch 5 error: The request failed: Google returned a response with code 429
03:00:46 [WARNING] Google Trends batch 10 error: The request failed: Google returned a response with code 429
03:00:51 [INFO] Google Trends: found 0 unique topics
03:00:51 [INFO] === Source 2: Reddit ===
03:00:51 [INFO] Reddit: scanning 8 subreddits...
03:01:13 [INFO] Reddit: found 1 relevant topics
03:01:13 [INFO] Total unique topics: 1
03:01:13 [INFO] Report written: /home/tom/ai-video-tools-blog/content/trends/trend_report_2026-05-22.json
03:01:13 [INFO] No new topics to add to backlog
03:01:13 [INFO] Done. Report: /home/tom/ai-video-tools-blog/content/trends/trend_report_2026-05-22.json
03:01:13 [INFO] Top 5 topics:
03:01:13 [INFO]   1. [95] Sora 2 megathread (part 3) (general)
--------------------------------------------
Exit code: 0
Finished: 2026-05-22T01:01:14Z
