=== AI Video Picks daily trend discovery ===
Started: 2026-05-28T01:00:03Z
Host: vmi3238899
Mode: --quick (Google Trends + Reddit)
--------------------------------------------
03:00:03 [INFO] === Source 1: Google Trends ===
03:00:22 [INFO] Google Trends: scanning 22 seed terms...
03:00:26 [WARNING] Google Trends batch 0 error: The request failed: Google returned a response with code 429
03:00:36 [WARNING] Google Trends batch 5 error: The request failed: Google returned a response with code 429
03:00:46 [WARNING] Google Trends batch 10 error: The request failed: Google returned a response with code 429
03:00:51 [INFO] Google Trends: found 0 unique topics
03:00:51 [INFO] === Source 2: Reddit ===
03:00:51 [INFO] Reddit: scanning 8 subreddits...
03:01:04 [WARNING] Reddit r/artificial error: HTTP Error 503: Service Unavailable
03:01:29 [INFO] Reddit: found 1 relevant topics
03:01:29 [INFO] Total unique topics: 1
03:01:29 [INFO] Report written: /home/tom/ai-video-tools-blog/content/trends/trend_report_2026-05-28.json
03:01:29 [INFO] No new topics to add to backlog
03:01:29 [INFO] Done. Report: /home/tom/ai-video-tools-blog/content/trends/trend_report_2026-05-28.json
03:01:29 [INFO] Top 5 topics:
03:01:29 [INFO]   1. [95] Sora 2 megathread (part 3) (general)
--------------------------------------------
Exit code: 0
Finished: 2026-05-28T01:01:29Z
