=== AI Video Picks daily trend discovery ===
Started: 2026-05-09T01:00:10Z
Host: vmi3238899
Mode: --quick (Google Trends + Reddit)
--------------------------------------------
03:00:16 [INFO] === Source 1: Google Trends ===
03:01:15 [INFO] Google Trends: scanning 22 seed terms...
03:01:26 [WARNING] Google Trends batch 0 error: The request failed: Google returned a response with code 429
03:01:42 [WARNING] Google Trends batch 5 error: The request failed: Google returned a response with code 429
03:02:01 [WARNING] Google Trends batch 10 error: The request failed: Google returned a response with code 429
03:02:06 [INFO] Google Trends: found 0 unique topics
03:02:06 [INFO] === Source 2: Reddit ===
03:02:06 [INFO] Reddit: scanning 8 subreddits...
03:02:45 [INFO] Reddit: found 2 relevant topics
03:02:45 [INFO] Total unique topics: 2
03:02:46 [INFO] Report written: /home/tom/ai-video-tools-blog/content/trends/trend_report_2026-05-09.json
03:02:46 [INFO] Added 1 new topics to /home/tom/ai-video-tools-blog/content/topics_backlog.md
03:02:46 [INFO] Done. Report: /home/tom/ai-video-tools-blog/content/trends/trend_report_2026-05-09.json
03:02:46 [INFO] Top 5 topics:
03:02:46 [INFO]   1. [95] Sora 2 megathread (part 3) (general)
03:02:46 [INFO]   2. [51] Revisiting WAN 2.2 for real-person realism, consen (general)
--------------------------------------------
Exit code: 0
Finished: 2026-05-09T01:02:52Z
