=== AI Video Picks daily trend discovery ===
Started: 2026-05-11T01:00:03Z
Host: vmi3238899
Mode: --quick (Google Trends + Reddit)
--------------------------------------------
03:00:04 [INFO] === Source 1: Google Trends ===
03:00:30 [INFO] Google Trends: scanning 22 seed terms...
03:00:34 [WARNING] Google Trends batch 0 error: The request failed: Google returned a response with code 429
03:00:44 [WARNING] Google Trends batch 5 error: The request failed: Google returned a response with code 429
03:00:55 [WARNING] Google Trends batch 10 error: The request failed: Google returned a response with code 429
03:01:00 [INFO] Google Trends: found 0 unique topics
03:01:00 [INFO] === Source 2: Reddit ===
03:01:00 [INFO] Reddit: scanning 8 subreddits...
03:01:29 [INFO] Reddit: found 3 relevant topics
03:01:29 [INFO] Total unique topics: 3
03:01:29 [INFO] Report written: /home/tom/ai-video-tools-blog/content/trends/trend_report_2026-05-11.json
03:01:29 [INFO] Added 1 new topics to /home/tom/ai-video-tools-blog/content/topics_backlog.md
03:01:29 [INFO] Done. Report: /home/tom/ai-video-tools-blog/content/trends/trend_report_2026-05-11.json
03:01:29 [INFO] Top 5 topics:
03:01:29 [INFO]   1. [95] Sora 2 megathread (part 3) (general)
03:01:29 [INFO]   2. [52] What other robots from popular media do you want i (general)
03:01:29 [INFO]   3. [50] Wan 2.2 with LTX 2.3 ID-LoRA (general)
--------------------------------------------
Exit code: 0
Finished: 2026-05-11T01:01:35Z
