=== AI Video Picks daily trend discovery ===
Started: 2026-05-24T01:00:02Z
Host: vmi3238899
Mode: --quick (Google Trends + Reddit)
--------------------------------------------
03:00:03 [INFO] === Source 1: Google Trends ===
03:00:32 [INFO] Google Trends: scanning 22 seed terms...
03:00:38 [WARNING] Google Trends batch 0 error: The request failed: Google returned a response with code 429
03:00:50 [WARNING] Google Trends batch 5 error: The request failed: Google returned a response with code 429
03:01:00 [WARNING] Google Trends batch 10 error: The request failed: Google returned a response with code 429
03:01:05 [INFO] Google Trends: found 0 unique topics
03:01:05 [INFO] === Source 2: Reddit ===
03:01:05 [INFO] Reddit: scanning 8 subreddits...
03:01:33 [INFO] Reddit: found 4 relevant topics
03:01:33 [INFO] Total unique topics: 3
03:01:33 [INFO] Report written: /home/tom/ai-video-tools-blog/content/trends/trend_report_2026-05-24.json
03:01:33 [INFO] Added 2 new topics to /home/tom/ai-video-tools-blog/content/topics_backlog.md
03:01:33 [INFO] Done. Report: /home/tom/ai-video-tools-blog/content/trends/trend_report_2026-05-24.json
03:01:33 [INFO] Top 5 topics:
03:01:33 [INFO]   1. [95] Sora 2 megathread (part 3) (general)
03:01:33 [INFO]   2. [65] Generative AI (Kling) is now used in actual tv sho (general)
03:01:33 [INFO]   3. [53] Exclusive: Departing Meta staffer posts biting ant (general)
--------------------------------------------
Exit code: 0
Finished: 2026-05-24T01:01:34Z
