=== AI Video Picks daily trend discovery ===
Started: 2026-05-06T01:00:01Z
Host: vmi3238899
Mode: --quick (Google Trends + Reddit)
--------------------------------------------
03:00:01 [INFO] === Source 1: Google Trends ===
03:00:07 [INFO] Google Trends: scanning 22 seed terms...
03:00:16 [WARNING] Google Trends batch 0 error: The request failed: Google returned a response with code 429
03:00:24 [WARNING] Google Trends batch 5 error: The request failed: Google returned a response with code 429
03:00:31 [WARNING] Google Trends batch 10 error: The request failed: Google returned a response with code 429
03:00:36 [INFO] Google Trends: found 0 unique topics
03:00:36 [INFO] === Source 2: Reddit ===
03:00:36 [INFO] Reddit: scanning 8 subreddits...
03:01:04 [INFO] Reddit: found 3 relevant topics
03:01:04 [INFO] Total unique topics: 3
03:01:04 [INFO] Report written: /home/tom/ai-video-tools-blog/content/trends/trend_report_2026-05-06.json
03:01:04 [INFO] Added 2 new topics to /home/tom/ai-video-tools-blog/content/topics_backlog.md
03:01:04 [INFO] Done. Report: /home/tom/ai-video-tools-blog/content/trends/trend_report_2026-05-06.json
03:01:04 [INFO] Top 5 topics:
03:01:04 [INFO]   1. [95] Sora 2 megathread (part 3) (general)
03:01:04 [INFO]   2. [52] Y'all might want to try this (general)
03:01:04 [INFO]   3. [50] GTA 70s - Teaser Trailer: Z-Image Turbo - Flux Kle (general)
--------------------------------------------
Exit code: 0
Finished: 2026-05-06T01:01:05Z
