=== AI Video Picks daily trend discovery ===
Started: 2026-05-20T01:00:01Z
Host: vmi3238899
Mode: --quick (Google Trends + Reddit)
--------------------------------------------
03:00:01 [INFO] === Source 1: Google Trends ===
03:00:10 [INFO] Google Trends: scanning 22 seed terms...
03:00:29 [WARNING] Google Trends batch 0 error: The request failed: Google returned a response with code 429
03:00:37 [WARNING] Google Trends batch 5 error: The request failed: Google returned a response with code 429
03:00:49 [WARNING] Google Trends batch 10 error: The request failed: Google returned a response with code 429
03:00:54 [INFO] Google Trends: found 0 unique topics
03:00:54 [INFO] === Source 2: Reddit ===
03:00:54 [INFO] Reddit: scanning 8 subreddits...
03:01:29 [INFO] Reddit: found 3 relevant topics
03:01:29 [INFO] Total unique topics: 3
03:01:29 [INFO] Report written: /home/tom/ai-video-tools-blog/content/trends/trend_report_2026-05-20.json
03:01:29 [INFO] Added 2 new topics to /home/tom/ai-video-tools-blog/content/topics_backlog.md
03:01:29 [INFO] Done. Report: /home/tom/ai-video-tools-blog/content/trends/trend_report_2026-05-20.json
03:01:29 [INFO] Top 5 topics:
03:01:29 [INFO]   1. [95] Sora 2 megathread (part 3) (general)
03:01:29 [INFO]   2. [66] Sarah Connor judging your AI addiction (general)
03:01:29 [INFO]   3. [50] VAULT 13 - MY FIRST AI VIDEO :D (general)
--------------------------------------------
Exit code: 0
Finished: 2026-05-20T01:01:30Z
