=== AI Video Picks daily trend discovery ===
Started: 2026-05-03T01:00:01Z
Host: vmi3238899
Mode: --quick (Google Trends + Reddit)
--------------------------------------------
03:00:02 [INFO] === Source 1: Google Trends ===
03:00:06 [INFO] Google Trends: scanning 22 seed terms...
03:00:49 [WARNING] Google Trends batch 5 error: The request failed: Google returned a response with code 429
03:00:49 [INFO] Rate limited, backing off 54s...
03:01:50 [WARNING] Google Trends batch 10 error: The request failed: Google returned a response with code 429
03:01:50 [INFO] Rate limited, backing off 55s...
03:02:45 [INFO] Google Trends: found 13 unique topics
03:02:45 [INFO] === Source 2: Reddit ===
03:02:45 [INFO] Reddit: scanning 8 subreddits...
03:03:11 [INFO] Reddit: found 1 relevant topics
03:03:11 [INFO] Total unique topics: 14
03:03:12 [INFO] Report written: /home/tom/ai-video-tools-blog/content/trends/trend_report_2026-05-03.json
03:03:12 [INFO] Added 5 new topics to /home/tom/ai-video-tools-blog/content/topics_backlog.md
03:03:12 [INFO] Done. Report: /home/tom/ai-video-tools-blog/content/trends/trend_report_2026-05-03.json
03:03:12 [INFO] Top 5 topics:
03:03:12 [INFO]   1. [95] Sora 2 megathread (part 3) (general)
03:03:12 [INFO]   2. [93] free ai video generator (pricing)
03:03:12 [INFO]   3. [93] text to video generator free (pricing)
03:03:12 [INFO]   4. [85] ai image generator (general)
03:03:12 [INFO]   5. [85] best video generator ai (roundup)
--------------------------------------------
Exit code: 0
Finished: 2026-05-03T01:03:12Z
