=== AI Video Picks weekly blog writer ===
Started: 2026-05-13T02:00:03Z
Host: vmi3238899
------------------------------------------

--- Step 1: Full Trend Discovery (all sources) ---
04:00:07 [INFO] === Source 1: Google Trends ===
04:00:33 [INFO] Google Trends: scanning 22 seed terms...
04:00:40 [WARNING] Google Trends batch 0 error: The request failed: Google returned a response with code 429
04:00:50 [WARNING] Google Trends batch 5 error: The request failed: Google returned a response with code 429
04:01:03 [WARNING] Google Trends batch 10 error: The request failed: Google returned a response with code 429
04:01:08 [INFO] Google Trends: found 0 unique topics
04:01:08 [INFO] === Source 2: Reddit ===
04:01:08 [INFO] Reddit: scanning 8 subreddits...
04:01:35 [INFO] Reddit: found 3 relevant topics
04:01:35 [INFO] === Source 3: Content Gap Analysis ===
04:01:35 [INFO] Content gap analysis: 64 existing articles
04:01:35 [INFO] Content gaps: found 78 opportunities
04:01:35 [INFO] Total unique topics: 81
04:01:35 [INFO] Report written: /home/tom/ai-video-tools-blog/content/trends/trend_report_2026-05-13.json
04:01:35 [INFO] Added 15 new topics to /home/tom/ai-video-tools-blog/content/topics_backlog.md
04:01:35 [INFO] Done. Report: /home/tom/ai-video-tools-blog/content/trends/trend_report_2026-05-13.json
04:01:35 [INFO] Top 5 topics:
04:01:35 [INFO]   1. [100] Heygen vs Zebracat 2026 (comparison)
04:01:35 [INFO]   2. [100] Heygen vs Vidnoz 2026 (comparison)
04:01:35 [INFO]   3. [100] Heygen vs Kling 2026 (comparison)
04:01:35 [INFO]   4. [100] Synthesia vs Fliki 2026 (comparison)
04:01:35 [INFO]   5. [100] Synthesia vs Submagic 2026 (comparison)
Trend discovery exit code: 0

--- Step 2: Blog Post Generation (up to 3 posts) ---
04:01:37 [INFO] Loaded 50 topics from backlog
04:01:37 [INFO] 46 candidates after dedup
04:01:37 [INFO] Written: synthesia-vs-fliki-2026 (1112 words)
04:01:37 [INFO] Written: synthesia-vs-submagic-2026 (1112 words)
04:01:37 [INFO] Written: synthesia-vs-arcads-2026 (1117 words)
04:01:37 [INFO] Done. Wrote 3 blog post drafts in /home/tom/ai-video-tools-blog/content/drafts
Blog writer exit code: 0

--- Step 3: Draft inventory ---
Total blog drafts available: 11
Total published posts: 64
------------------------------------------
Finished: 2026-05-13T02:01:37Z
