=== AI Video Picks weekly blog writer ===
Started: 2026-05-27T02:00:01Z
Host: vmi3238899
------------------------------------------

--- Step 1: Full Trend Discovery (all sources) ---
04:00:02 [INFO] === Source 1: Google Trends ===
04:00:20 [INFO] Google Trends: scanning 22 seed terms...
04:00:26 [WARNING] Google Trends batch 0 error: The request failed: Google returned a response with code 429
04:00:36 [WARNING] Google Trends batch 5 error: The request failed: Google returned a response with code 429
04:00:46 [WARNING] Google Trends batch 10 error: The request failed: Google returned a response with code 429
04:00:51 [INFO] Google Trends: found 0 unique topics
04:00:51 [INFO] === Source 2: Reddit ===
04:00:51 [INFO] Reddit: scanning 8 subreddits...
04:01:20 [INFO] Reddit: found 2 relevant topics
04:01:20 [INFO] === Source 3: Content Gap Analysis ===
04:01:21 [INFO] Content gap analysis: 89 existing articles
04:01:21 [INFO] Content gaps: found 73 opportunities
04:01:21 [INFO] Total unique topics: 75
04:01:21 [INFO] Report written: /home/tom/ai-video-tools-blog/content/trends/trend_report_2026-05-27.json
04:01:21 [INFO] Added 3 new topics to /home/tom/ai-video-tools-blog/content/topics_backlog.md
04:01:21 [INFO] Done. Report: /home/tom/ai-video-tools-blog/content/trends/trend_report_2026-05-27.json
04:01:21 [INFO] Top 5 topics:
04:01:21 [INFO]   1. [100] Heygen vs Zebracat 2026 (comparison)
04:01:21 [INFO]   2. [100] Heygen vs Vidnoz 2026 (comparison)
04:01:21 [INFO]   3. [100] Heygen vs Kling 2026 (comparison)
04:01:21 [INFO]   4. [100] Synthesia vs Makeugc 2026 (comparison)
04:01:21 [INFO]   5. [100] Synthesia vs Zebracat 2026 (comparison)
Trend discovery exit code: 0

--- Step 2: Blog Post Generation (up to 3 posts) ---
04:01:22 [INFO] Loaded 50 topics from backlog
04:01:22 [INFO] 43 candidates after dedup
04:01:22 [INFO] Written: fliki-vs-submagic-2026 (1112 words)
04:01:22 [INFO] Written: fliki-vs-arcads-2026 (1117 words)
04:01:22 [INFO] Written: fliki-vs-makeugc-2026 (1112 words)
04:01:22 [INFO] Done. Wrote 3 blog post drafts in /home/tom/ai-video-tools-blog/content/drafts
Blog writer exit code: 0

--- Step 3: Draft inventory ---
Total blog drafts available: 17
Total published posts: 89
------------------------------------------
Finished: 2026-05-27T02:01:22Z
